<html>
<body>
<pre>
<h1>µVision Build Log</h1>
<h2>Tool Versions:</h2>
IDE-Version: µVision V5.17.0.0
Copyright (C) 2015 ARM Ltd and ARM Germany GmbH. All rights reserved.
License Information: Khanh Asus, MTA, LIC=LSNXV-PZZI4-GKHBG-V1PGD-PD1A1-2PKP5
 
Tool Versions:
Toolchain:       MDK-ARM Standard  Version: 5.17
Toolchain Path:  C:\Keil_v5\ARM\ARMCC\Bin
C Compiler:      Armcc.exe V5.06 update 1 (build 61)
Assembler:       Armasm.exe V5.06 update 1 (build 61)
Linker/Locator:  ArmLink.exe V5.06 update 1 (build 61)
Library Manager: ArmAr.exe V5.06 update 1 (build 61)
Hex Converter:   FromElf.exe V5.06 update 1 (build 61)
CPU DLL:         SARMCM3.DLL V5.17
Dialog DLL:      DCM.DLL V1.13.4.0
Target DLL:      STLink\ST-LINKIII-KEIL_SWO.dll V2.0.18.0
Dialog DLL:      TCM.DLL V1.14.6.0
 
<h2>Project:</h2>
D:\Hardware in the Loop\Ex_53_Z189_gpk-59\FirmwareV2\V2.1\test\MDK-ARM\test.uvprojx
Project File Date:  07/08/2025

<h2>Output:</h2>
*** Using Compiler 'V5.06 update 1 (build 61)', folder: 'C:\Keil_v5\ARM\ARMCC\Bin'
Build target 'test'
compiling main.c...
../Core/Src/main.c(256): warning:  #188-D: enumerated type mixed with another type
  	 HAL_GPIO_WritePin(
PIOA,
PIO_PIN_5,0);
../Core/Src/main.c(257): warning:  #188-D: enumerated type mixed with another type
  	 HAL_GPIO_WritePin(
PIOA,
PIO_PIN_4,1);
../Core/Src/main.c(258): warning:  #188-D: enumerated type mixed with another type
  	 HAL_GPIO_WritePin(
PIOA,
PIO_PIN_3,0);
../Core/Src/main.c(295): warning:  #188-D: enumerated type mixed with another type
  				HAL_GPIO_WritePin(
PIOA,
PIO_PIN_2,1);
../Core/Src/main.c(296): warning:  #188-D: enumerated type mixed with another type
  				HAL_GPIO_WritePin(
PIOA, 
PIO_PIN_1,1);
../Core/Src/main.c(298): warning:  #188-D: enumerated type mixed with another type
  				HAL_GPIO_WritePin(
PIOA, 
PIO_PIN_1,0);
../Core/Src/main.c(302): warning:  #188-D: enumerated type mixed with another type
  				HAL_GPIO_WritePin(
PIOA,
PIO_PIN_2,0);
../Core/Src/main.c(303): warning:  #188-D: enumerated type mixed with another type
  				HAL_GPIO_WritePin(
PIOA, 
PIO_PIN_1,1);
../Core/Src/main.c(305): warning:  #188-D: enumerated type mixed with another type
  				HAL_GPIO_WritePin(
PIOA, 
PIO_PIN_1,0);
../Core/Src/main.c(332): warning:  #188-D: enumerated type mixed with another type
  				HAL_GPIO_WritePin(
PIOC, 
PIO_PIN_13,!btn);
../Core/Src/main.c(342): warning:  #188-D: enumerated type mixed with another type
  			HAL_GPIO_WritePin(
PIOC, 
PIO_PIN_13,!btn);
../Core/Src/main.c: 11 warnings, 0 errors
linking...
Program Size: Code=7172 RO-data=312 RW-data=76 ZI-data=1852  
FromELF: creating hex file...
"test\test.axf" - 0 Error(s), 11 Warning(s).

<h2>Software Packages used:</h2>

Package Vendor: ARM
                http://www.keil.com/pack/ARM.CMSIS.4.5.0.pack
                ARM::CMSIS:CORE:4.3.0
                CMSIS (Cortex Microcontroller Software Interface Standard)
   * Component: CORE Version: 4.3.0

<h2>Collection of Component include folders:</h2>
  D:\Hardware in the Loop\Ex_53_Z189_gpk-59\FirmwareV2\V2.1\test\MDK-ARM\RTE
  C:\Keil_v5\ARM\PACK\ARM\CMSIS\4.5.0\CMSIS\Include
  C:\Keil_v5\ARM\PACK\Keil\STM32F1xx_DFP\2.4.1\Device\Include

<h2>Collection of Component Files used:</h2>

   * Component: ARM::CMSIS:CORE:4.3.0
Build Time Elapsed:  00:00:01
</pre>
</body>
</html>
